// Jest Snapshot v1, https://goo.gl/fbAQLP

exports[`screens/SplashScreen 렌더링 되었을 때 스냅샷이 일치해야 한다 1`] = `
<View
  style={
    [
      {},
      {
        "flex": 1,
      },
      undefined,
      {
        "paddingBottom": 0,
        "paddingLeft": 0,
        "paddingRight": 0,
        "paddingTop": 0,
      },
      {},
      {},
    ]
  }
>
  <View
    onLayout={[Function]}
    style={
      [
        [
          undefined,
          {
            "flex": 1,
          },
        ],
        {
          "paddingBottom": 0,
        },
      ]
    }
  >
    <View
      style={
        [
          {
            "alignSelf": "center",
            "backgroundColor": "#ffffff",
            "flex": 1,
            "marginHorizontal": "auto",
            "maxWidth": 600,
            "paddingHorizontal": 16,
            "width": "100%",
          },
          undefined,
          {},
        ]
      }
    >
      <View
        style={
          [
            {},
            {
              "flex": 1,
            },
            {},
          ]
        }
      >
        <View
          style={
            [
              {},
              {
                "flex": 1,
                "gap": 16,
              },
              undefined,
              {},
              {},
            ]
          }
        >
          <View
            style={
              [
                {},
                {
                  "alignItems": "center",
                  "flex": 1,
                  "justifyContent": "center",
                },
                undefined,
                {},
                {},
              ]
            }
          >
            <Image
              source={
                {
                  "testUri": "../../../src/assets/images/logo.png",
                }
              }
              style={
                [
                  {},
                  {
                    "height": 180,
                    "width": 180,
                  },
                  undefined,
                  {},
                  {},
                ]
              }
            />
          </View>
        </View>
      </View>
    </View>
  </View>
</View>
`;
